
C:\Users\akurt\OneDrive\Desktop\ShareSafely>git status
fatal: not a git repository (or any of the parent directories): .git

C:\Users\akurt\OneDrive\Desktop\ShareSafely>cd webapptest2k24

C:\Users\akurt\OneDrive\Desktop\ShareSafely\webapptest2k24>git status
On branch master

No commits yet

Untracked files:
  (use "git add <file>..." to include in what will be committed)
        app.js
        index.html

nothing added to commit but untracked files present (use "git add" to track)

C:\Users\akurt\OneDrive\Desktop\ShareSafely\webapptest2k24>git add .

C:\Users\akurt\OneDrive\Desktop\ShareSafely\webapptest2k24>git commit -m "first commit"
[master (root-commit) c19cdab] first commit
 2 files changed, 50 insertions(+)
 create mode 100644 app.js
 create mode 100644 index.html

C:\Users\akurt\OneDrive\Desktop\ShareSafely\webapptest2k24>git push origin master
Enumerating objects: 4, done.
Counting objects: 100% (4/4), done.
Delta compression using up to 12 threads
Compressing objects: 100% (4/4), done.
Writing objects: 100% (4/4), 939 bytes | 939.00 KiB/s, done.
Total 4 (delta 0), reused 0 (delta 0), pack-reused 0 (from 0)
remote: Updating branch 'master'.
remote: Updating submodules.
remote: Preparing deployment for commit id 'c19cdab2b0'.
remote: Generating deployment script.
remote: AppInsightsAgent: Successfully loaded ETW
remote: AppInsightsAgent ETWLogger Application Insights was started succesfully.
remote: Generating deployment script for Web Site
remote: Generated deployment script files
remote: Running deployment command...
remote: Handling Basic Web Site deployment.
remote: Creating app_offline.htm
remote: KuduSync.NET from: 'C:\home\site\repository' to: 'C:\home\site\wwwroot'
remote: Deleting file: 'hostingstart.html'
remote: Copying file: 'app.js'
remote: Copying file: 'index.html'
remote: Deleting app_offline.htm
remote: Finished successfully.
remote: Running post deployment command(s)...
remote: Triggering recycle (preview mode disabled).
remote: Deployment successful.
To https://webapptest2k24.scm.azurewebsites.net:443/webapptest2k24.git
 * [new branch]      master -> master

C:\Users\akurt\OneDrive\Desktop\ShareSafely\webapptest2k24>
